
нож
пистолет Фанатский
пистолет
ружье
Magnum
G.luncher 1
G.luncher 2
G.luncher 3
G.luncher 4
ракета luncher
calting пистолет
мин метатель
орел 6.0
штурмовая винтовка полу
штурмовая винтовка
западный пистолет
SIGPROF
M92F электронной
Benelli m32se
m.thrower электронной
H.gunbullets
Magnum Пули
ружье патроны
G.rounds
пламя раундов
раундов кислоты
замораживание раундов
M.T.rounds
A.R.bullets
H.G.bullets
S.G.shell
F.Aid спрей
Зеленый Херб
синий Н
Красный H
смешанный 1
смешанный 2
смешанный 3
смешанный 4
смешанный 5
смешанный 6
F.Aid окно
кривошипно
красный монета
желтый монета
синий монеты
звезда карта
гига масла
battry
пожарный шланг
кабель питания
предохранитель
пожарный шланг
масло присадка
случай карточки
звезды карты
машинное масло
смешанное масло
железная цепь
ключ
железная труба
BOTU 1
пожарный шланг
магнитофон
легкой нефти
легче
легче с маслом
зеленый камень
синий камень
янтарный шар
обсидиановый шар
хрустальный шар
пульт дистанционного управления
BOTU 2
BOTU 3
золото передач
серебристый передач
Chronos передач
бронза книга
boronze компас
вакцина средней
база вакцина
BOTU 4
BOTU 5
вакцина
BOTU 6
BOTU 7
Средств основание
орел часть а
орел часть б
M37 часть а
M37 часть б у
BOTU 8
Chronos цепи
ржавые Кранка
ключ-карта
пистолет порошок А
G.Powder В
GP.c ГП = "Пороховой"
Пороховой AA
Пороховой BB
Пороховой AC
Пороховой BC
Пороховой CC
Пороховой AAA
Пороховой AAB
Пороховой BBA
Пороховой BBB
Пороховой CCC
инф пули
пробы воды
системный диск
манекен ключ
отмычка
склад ключ
ключ комнате больного
ключ fmblem
BOTU 9
Ключ от часовой башни
часы t.key
Chronos ключ
BOTU 10
ключ парк
ключ парк
ключ парк
ключ объект
ключ объект
ключ бутик
красящая лента
перегрузочные средства
игра инст А
игра инст Б
игра instraction